========================================
Keyboard VGA Direct Test
========================================

[6000000] Test 1: Sending 'h' (0x33)
[847035000] Key pressed: scan=0x33, ascii=0x68 ('h'), pos=0

[1127000000] Test 2: Sending 'e' (0x24)
[1968035000] Key pressed: scan=0x24, ascii=0x65 ('e'), pos=1

[2248000000] Test 3: Sending 'l' (0x4B)
[3089035000] Key pressed: scan=0x4b, ascii=0x6c ('l'), pos=2

[3369000000] Test 4: Sending 'l' (0x4B)
[4210035000] Key pressed: scan=0x4b, ascii=0x6c ('l'), pos=3

[4490000000] Test 5: Sending 'o' (0x44)
[5331035000] Key pressed: scan=0x44, ascii=0x6f ('o'), pos=4

[5611000000] Test 6: Sending SPACE (0x29)
[6452035000] Key pressed: scan=0x29, ascii=0x20 (' '), pos=5

[6732000000] Test 7: Sending 'w' (0x1D)
[7573035000] Key pressed: scan=0x1d, ascii=0x77 ('w'), pos=6

[7853000000] Test 8: Sending 'o' (0x44)
[8694035000] Key pressed: scan=0x44, ascii=0x6f ('o'), pos=7

[8974000000] Test 9: Sending 'r' (0x2D)
[9815035000] Key pressed: scan=0x2d, ascii=0x72 ('r'), pos=8

[10095000000] Test 10: Sending 'l' (0x4B)
[10936035000] Key pressed: scan=0x4b, ascii=0x6c ('l'), pos=9

[11216000000] Test 11: Sending 'd' (0x23)
[12057035000] Key pressed: scan=0x23, ascii=0x64 ('d'), pos=10

========================================
Final VGA Display Content:
========================================
  hello world

========================================
Verification:
========================================
  ✓ VGA[0] = 'h' - CORRECT
  ✓ VGA[1] = 'e' - CORRECT
  ✓ VGA[2] = 'l' - CORRECT
  ✓ VGA[3] = 'l' - CORRECT
  ✓ VGA[4] = 'o' - CORRECT
  ✓ VGA[5] = ' ' - CORRECT
  ✓ VGA[6] = 'w' - CORRECT
  ✓ VGA[7] = 'o' - CORRECT
  ✓ VGA[8] = 'r' - CORRECT
  ✓ VGA[9] = 'l' - CORRECT
  ✓ VGA[10] = 'd' - CORRECT

========================================
Test Complete!
========================================
tb/keyboard_vga_direct_tb.v:222: $finish called at 12337000000 (1ps)
